C51 COMPILER V9.56.0.0   FIRSTDRAFT                                                        07/13/2017 17:31:44 PAGE 1   


C51 COMPILER V9.56.0.0, COMPILATION OF MODULE FIRSTDRAFT
OBJECT MODULE PLACED IN .\Objects\firstdraft.obj
COMPILER INVOKED BY: C:\Keil_v5\C51\BIN\C51.EXE firstdraft.c OPTIMIZE(8,SPEED) BROWSE DEBUG OBJECTEXTEND PRINT(.\Listing
                    -s\firstdraft.lst) TABS(2) OBJECT(.\Objects\firstdraft.obj)

line level    source

   1          #include<reg51.h>
   2          sbit trig=P0^6;
   3          sbit led=P3^4;
   4          sbit ldr=P0^5;           
   5          sbit led1=P3^2;
   6          sbit led2=P3^3;
   7          sbit sound_sensor=P0^7;                                                                                  
   8          
   9          unsigned int i;
  10          char ar1[6]=" baby";
  11          char ar2[4]=" is";
  12          char ar3[8]=" crying";
  13          float w=15; //weigh
  14          float l;  //length
  15          int choice;
  16          sbit RS=P0^0;
  17          sbit E=P0^1;
  18          char ht;
  19          char str[5];
  20              int j;
  21          void delay();
  22          void cmdtolcd(unsigned char);
  23          void datatolcd(char ar[]);
  24          
  25          void calc_height(){
  26   1        unsigned int target_range=0,timer_val;
  27   1        P3|=0x04;   //P3.2 as INPUT
  28   1          TMOD=0x0l;
  29   1          TH0=0xFF;TL0=0xF5;
  30   1          trig=1;
  31   1          TR0=1;
  32   1          while(!TF0);
  33   1          TR0=0;
  34   1          TF0=0;
  35   1          TMOD=0x09;    //timer0 in 16 bit mode with gate enable
  36   1          TH0=0x00; TL0=0x00;
  37   1          TR0=1;    //timer0 run enabled
  38   1          trig=0;
  39   1          while(!INT0);
  40   1          while (INT0);
  41   1          TR0=0;
  42   1          timer_val=TH0<<8|TL0;
  43   1          if(timer_val<35000)
  44   1            target_range=timer_val*0.01860775;
  45   1          else
  46   1            target_range=0; // indicates that there is no obstacle in front of the sensor
  47   1         
  48   1          for(i=0;i<5;i++)
  49   1           {
  50   2           str[i]=target_range%10;
  51   2            target_range= target_range/10;
  52   2           }
  53   1        TMOD=0x20;   
  54   1          TH1=0XFD; 
C51 COMPILER V9.56.0.0   FIRSTDRAFT                                                        07/13/2017 17:31:44 PAGE 2   

  55   1          SCON=0X50; 
  56   1          TR1=1;
  57   1              for(j=4;j>=0;j--)
  58   1                  {     
  59   2                     SBUF=str[j]+0x30;
  60   2                     while(TI==0);
  61   2                     TI=0;
  62   2                  }
  63   1               for(j=0;j<28000;j++);      
  64   1      
  65   1      }
  66          void main(void)
  67          {  TMOD=0X20;
  68   1           SCON=0X50;
  69   1           TH1=0xfd;
  70   1           TR1=1;
  71   1        if(!led1)  {
  72   2        while(!RI);
  73   2           ht=SBUF;
  74   2           RI=0;
  75   2           if(ht=='1')
  76   2           { led=0;
  77   3        
  78   3           calc_height();
  79   3           } 
  80   2         }
  81   1          
  82   1          if(ldr==0)       
  83   1             led=0;              
  84   1            else
  85   1             led=1;
  86   1            
  87   1            
  88   1           if(sound_sensor==1)   
  89   1            {TMOD=0x20;   
  90   2          TH1=0XFD; 
  91   2          SCON=0X50; 
  92   2          TR1=1;
  93   2        for(i=0;i<6;i++)
  94   2          {     
  95   3             SBUF=ar1[i];
  96   3             while(TI==0);
  97   3             TI=0;
  98   3          }
  99   2          for(i=0;i<28000;i++);
 100   2          for(i=0;i<4;i++)
 101   2          {     
 102   3             SBUF=ar2[i];
 103   3             while(TI==0);
 104   3             TI=0;
 105   3          }
 106   2          for(i=0;i<28000;i++);
 107   2          for(i=0;i<8;i++)
 108   2          {     
 109   3             SBUF=ar3[i];
 110   3             while(TI==0);
 111   3             TI=0;
 112   3          }
 113   2          for(i=0;i<28000;i++);
 114   2        }
 115   1            
 116   1          if(!led2)
C51 COMPILER V9.56.0.0   FIRSTDRAFT                                                        07/13/2017 17:31:44 PAGE 3   

 117   1          {
 118   2          cmdtolcd(0x38); 
 119   2          delay();
 120   2          cmdtolcd(0x0E);
 121   2          delay();
 122   2          cmdtolcd(0x01);
 123   2          delay();
 124   2          cmdtolcd(0x81);
 125   2          delay();
 126   2          
 127   2          if(l<25)
 128   2          {
 129   3            datatolcd("underweight");
 130   3          
 131   3         }
 132   2          else if(l>=251  &&l<70)
 133   2           { 
 134   3             datatolcd("normal");
 135   3          
 136   3           }
 137   2          else if(l>=70&&l<100)
 138   2           { 
 139   3              datatolcd("overweight");
 140   3           }
 141   2           else 
 142   2             datatolcd("errror");
 143   2          delay();
 144   2          delay();
 145   2          delay();     
 146   2         }  
 147   1        }
 148          
 149            
 150          
 151          void cmdtolcd(unsigned char cmd)
 152          { P1=cmd;
 153   1        RS=0;
 154   1        E=1;
 155   1        delay();
 156   1        E=0;
 157   1      }
 158          
 159          void datatolcd(char ar[12])
 160          {  int i,info;
 161   1        for(i=0;ar[i]!='\0';i++)
 162   1        { info=ar[i];
 163   2          P1=info;
 164   2          RS=1;
 165   2          E=1;
 166   2          delay();
 167   2          E=0;
 168   2        }
 169   1      }
 170          
 171          void delay()
 172          { unsigned int j;
 173   1        for(j=0;j<25000;j++);
 174   1      }


MODULE INFORMATION:   STATIC OVERLAYABLE
   CODE SIZE        =    719    ----
C51 COMPILER V9.56.0.0   FIRSTDRAFT                                                        07/13/2017 17:31:44 PAGE 4   

   CONSTANT SIZE    =     37    ----
   XDATA SIZE       =   ----    ----
   PDATA SIZE       =   ----    ----
   DATA SIZE        =     38       9
   IDATA SIZE       =   ----    ----
   BIT SIZE         =   ----    ----
END OF MODULE INFORMATION.


C51 COMPILATION COMPLETE.  0 WARNING(S),  0 ERROR(S)
