C51 COMPILER V9.56.0.0   MINI4                                                             06/17/2017 02:25:45 PAGE 1   


C51 COMPILER V9.56.0.0, COMPILATION OF MODULE MINI4
OBJECT MODULE PLACED IN .\Objects\mini4.obj
COMPILER INVOKED BY: C:\Keil_v5\C51\BIN\C51.EXE mini4.c OPTIMIZE(8,SPEED) BROWSE DEBUG OBJECTEXTEND PRINT(.\Listings\min
                    -i4.lst) TABS(2) OBJECT(.\Objects\mini4.obj)

line level    source

   1          #include<reg51.h>
   2          sbit ldr=P0^2;
   3          sbit led=P3^2;
   4          sbit led2=P3^3;
   5          float w=15; //weight
   6          float l=51;  //length
   7          float r; //ratio
   8          int choice;
   9          sbit RS=P2^0;
  10          sbit E=P2^1;
  11          void delay();
  12          void cmdtolcd(unsigned char);
  13          void datatolcd(char ar[]);
  14          
  15          void main(void)
  16          {   r=w/l;
  17   1        while(1)
  18   1        {  if(ldr==0)       
  19   2             led=0;                //switch on the led
  20   2            else
  21   2             led=1;
  22   2          if(!led2)
  23   2          {
  24   3          cmdtolcd(0x38); 
  25   3          delay();
  26   3          cmdtolcd(0x0E);
  27   3          delay();
  28   3          cmdtolcd(0x01);
  29   3          delay();
  30   3          cmdtolcd(0x81);
  31   3          delay();
  32   3          
  33   3          if(l>=45&&l<50)
  34   3          {if(r>0.2)
  35   4            datatolcd("overweight");
  36   4           else if(r<0.15)
  37   4             datatolcd("underweight");
  38   4           else
  39   4             datatolcd("normal");
  40   4         }
  41   3           if(l>=50&&l<65)
  42   3           { if(r>0.3)
  43   4             datatolcd("overweight");
  44   4             else if(r<0.21)
  45   4             datatolcd("underweight");
  46   4             else
  47   4               datatolcd("normal");
  48   4           }
  49   3           if(l>=65&&l<80)
  50   3           { if(r>0.24)
  51   4            datatolcd("overweight");
  52   4          else if(r<0.16)
  53   4            datatolcd("underweight");
  54   4          else
C51 COMPILER V9.56.0.0   MINI4                                                             06/17/2017 02:25:45 PAGE 2   

  55   4            datatolcd("normal");
  56   4           }
  57   3          delay();
  58   3          delay();
  59   3          delay();
  60   3        
  61   3         }  
  62   2        }}
  63          
  64          void cmdtolcd(unsigned char cmd)
  65          { P1=cmd;
  66   1        RS=0;
  67   1        E=1;
  68   1        delay();
  69   1        E=0;
  70   1      }
  71          
  72          void datatolcd(char ar[12])
  73          {  int i,info;
  74   1        for(i=0;ar[i]!='\0';i++)
  75   1        { info=ar[i];
  76   2          P1=info;
  77   2          RS=1;
  78   2          E=1;
  79   2          delay();
  80   2          E=0;
  81   2        }
  82   1      }
  83          
  84          void delay()
  85          { unsigned int j;
  86   1        for(j=0;j<25000;j++);
  87   1      }


MODULE INFORMATION:   STATIC OVERLAYABLE
   CODE SIZE        =    490    ----
   CONSTANT SIZE    =     30    ----
   XDATA SIZE       =   ----    ----
   PDATA SIZE       =   ----    ----
   DATA SIZE        =     14       7
   IDATA SIZE       =   ----    ----
   BIT SIZE         =   ----    ----
END OF MODULE INFORMATION.


C51 COMPILATION COMPLETE.  0 WARNING(S),  0 ERROR(S)
