C51 COMPILER V9.56.0.0   TEST2                                                             06/16/2017 19:42:02 PAGE 1   


C51 COMPILER V9.56.0.0, COMPILATION OF MODULE TEST2
OBJECT MODULE PLACED IN .\Objects\test2.obj
COMPILER INVOKED BY: C:\Keil_v5\C51\BIN\C51.EXE New folder\test2.c OPTIMIZE(8,SPEED) BROWSE DEBUG OBJECTEXTEND PRINT(.\L
                    -istings\test2.lst) TABS(2) OBJECT(.\Objects\test2.obj)

line level    source

   1          //led switching on and off with varying state of sensor
   2          #include<reg51.h>
   3          sbit LED2=P3^2;   //set pin 2 of port 3 for led
   4          sbit s1=P1^3;   //pin 3 of port 1 is used for sensor
   5          int i;
   6          void main(void)
   7          {
   8   1       while(1)
   9   1       {
  10   2       if(s1==0)
  11   2         LED2=0; //switch on the led
  12   2         
  13   2        else
  14   2        LED2=1;  //swtch off the led
  15   2       
  16   2      }
  17   1      }


MODULE INFORMATION:   STATIC OVERLAYABLE
   CODE SIZE        =     11    ----
   CONSTANT SIZE    =   ----    ----
   XDATA SIZE       =   ----    ----
   PDATA SIZE       =   ----    ----
   DATA SIZE        =      2    ----
   IDATA SIZE       =   ----    ----
   BIT SIZE         =   ----    ----
END OF MODULE INFORMATION.


C51 COMPILATION COMPLETE.  0 WARNING(S),  0 ERROR(S)
