C51 COMPILER V9.56.0.0   TEST9                                                             06/14/2017 16:26:54 PAGE 1   


C51 COMPILER V9.56.0.0, COMPILATION OF MODULE TEST9
OBJECT MODULE PLACED IN .\Objects\test9.obj
COMPILER INVOKED BY: C:\Keil_v5\C51\BIN\C51.EXE test9.c OPTIMIZE(8,SPEED) BROWSE DEBUG OBJECTEXTEND PRINT(.\Listings\tes
                    -t9.lst) TABS(2) OBJECT(.\Objects\test9.obj)

line level    source

   1          #include<reg51.h>
   2          sbit led=P1^0;
   3          sbit ir=P1^1;
   4          void main()
   5          {
   6   1        while(1)
   7   1        { 
   8   2          if(ir)
   9   2           led=1;
  10   2          else
  11   2           led=0;
  12   2         }    
  13   1       }


MODULE INFORMATION:   STATIC OVERLAYABLE
   CODE SIZE        =     11    ----
   CONSTANT SIZE    =   ----    ----
   XDATA SIZE       =   ----    ----
   PDATA SIZE       =   ----    ----
   DATA SIZE        =   ----    ----
   IDATA SIZE       =   ----    ----
   BIT SIZE         =   ----    ----
END OF MODULE INFORMATION.


C51 COMPILATION COMPLETE.  0 WARNING(S),  0 ERROR(S)
